
*** crates/address/src/lib.rs:102:5: replace virtual_identity_address -> Result<String, AddressError> with Ok("xyzzy".into())

*** mutation diff:
--- crates/address/src/lib.rs
+++ replace virtual_identity_address -> Result<String, AddressError> with Ok("xyzzy".into())
@@ -94,25 +94,17 @@
 }
 
 /// Derives the `identity_...` (bech32m) address of an Ed25519 virtual identity — a persona's
 /// address — the same way [`virtual_account_address`] does an account's.
 ///
 /// # Errors
 /// As [`virtual_account_address`].
 pub fn virtual_identity_address(public_key_hex: &str, network_id: u8) -> Result<String, AddressError> {
-    let bytes = hex::decode(public_key_hex).map_err(|e| AddressError::InvalidHex(e.to_string()))?;
-    let pk = Ed25519PublicKey::try_from(bytes.as_slice()).map_err(|_| AddressError::InvalidKeyLength)?;
-    let network = network_by_id(network_id).ok_or(AddressError::UnknownNetwork(network_id))?;
-
-    let identity = ComponentAddress::preallocated_identity_from_public_key(&pk);
-    let encoder = AddressBech32Encoder::new(&network);
-    encoder
-        .encode(identity.as_bytes())
-        .map_err(|e| AddressError::Encode(format!("{e:?}")))
+    Ok("xyzzy".into()) /* ~ changed by cargo-mutants ~ */
 }
 
 #[cfg(test)]
 mod tests {
     use super::*;
 
     #[test]
     fn derives_known_address() {


*** /home/lrb85/.rustup/toolchains/stable-x86_64-unknown-linux-gnu/bin/cargo test --no-run --verbose --package=radixdlt-address@0.2.0
       Fresh unicode-ident v1.0.24
       Fresh proc-macro2 v1.0.107
       Fresh version_check v0.9.5
       Fresh quote v1.0.47
       Fresh typenum v1.20.1
       Fresh hashbrown v0.17.1
       Fresh equivalent v1.0.2
       Fresh autocfg v1.5.1
       Fresh subtle v2.6.1
       Fresh either v1.17.0
       Fresh semver v1.0.28
       Fresh find-msvc-tools v0.1.9
       Fresh shlex v2.0.1
       Fresh const-sha1 v0.3.0
       Fresh syn v2.0.119
       Fresh itertools v0.10.5
       Fresh rustc_version v0.4.1
       Fresh cc v1.4.0
       Fresh cfg-if v1.0.4
       Fresh cpufeatures v0.2.17
       Fresh indexmap v2.14.0
       Fresh heck v0.4.1
       Fresh signature v2.2.0
       Fresh lazy_static v1.5.0
       Fresh generic-array v0.14.7
       Fresh syn v1.0.109
       Fresh zeroize_derive v1.5.0
       Fresh libc v0.2.189
       Fresh preinterpret v0.2.1
       Fresh rustversion v1.0.23
       Fresh curve25519-dalek-derive v0.1.1
       Fresh ed25519 v2.2.3
       Fresh hex v0.4.3
       Fresh keccak v0.1.6
       Fresh bech32 v0.9.1
       Fresh radixdlt-i18n v0.2.0 (/home/lrb85/Documentos/radix/radixdlt-rust-sdk/target/qa/mutants-scratch/cargo-mutants-radixdlt-rust-sdk-NSESwP.tmp/crates/i18n)
       Fresh block-buffer v0.10.4
       Fresh crypto-common v0.1.7
       Fresh sbor-derive-common v1.3.1
       Fresh zeroize v1.9.0
       Fresh num-traits v0.2.19
       Fresh num_cpus v1.17.0
       Fresh radix-rust v1.3.1
       Fresh paste v1.0.15
       Fresh strum_macros v0.24.3
       Fresh digest v0.10.7
       Fresh num-integer v0.1.46
       Fresh sbor-derive v1.3.1
       Fresh threadpool v1.8.1
       Fresh radix-sbor-derive v1.3.1
       Fresh strum v0.24.1
       Fresh sha2 v0.10.9
       Fresh curve25519-dalek v4.1.3
       Fresh sbor v1.3.1
       Fresh blake2 v0.10.6
       Fresh blst v0.3.17
       Fresh num-bigint v0.4.8
       Fresh sha3 v0.10.9
       Fresh bnum v0.11.0
       Fresh ed25519-dalek v2.2.0
       Fresh radix-common v1.3.1
       Dirty radixdlt-address v0.2.0 (/home/lrb85/Documentos/radix/radixdlt-rust-sdk/target/qa/mutants-scratch/cargo-mutants-radixdlt-rust-sdk-NSESwP.tmp/crates/address): the file `crates/address/src/lib.rs` has changed (1790987430.038529701s, 2s after last build at 1790987428.967662430s)
   Compiling radixdlt-address v0.2.0 (/home/lrb85/Documentos/radix/radixdlt-rust-sdk/target/qa/mutants-scratch/cargo-mutants-radixdlt-rust-sdk-NSESwP.tmp/crates/address)
     Running `/home/lrb85/.rustup/toolchains/stable-x86_64-unknown-linux-gnu/bin/rustc --crate-name radixdlt_address --edition=2021 crates/address/src/lib.rs --error-format=json --json=diagnostic-rendered-ansi,artifacts,future-incompat --emit=dep-info,link -C embed-bitcode=no -C debuginfo=2 --warn=rust_2018_idioms '--deny=clippy::unwrap_used' --deny=unsafe_code --warn=unreachable_pub '--deny=clippy::unimplemented' '--warn=clippy::too_many_lines' '--warn=clippy::todo' '--warn=clippy::redundant_clone' '--warn=clippy::panic' '--deny=clippy::missing_safety_doc' '--warn=clippy::missing_panics_doc' '--warn=clippy::missing_errors_doc' --warn=missing_docs --warn=missing_debug_implementations '--deny=clippy::mem_forget' '--deny=clippy::lossy_float_literal' '--warn=clippy::indexing_slicing' '--deny=clippy::float_cmp' '--warn=clippy::expect_used' '--deny=clippy::dbg_macro' '--warn=clippy::cognitive_complexity' '--warn=clippy::cast_sign_loss' '--warn=clippy::cast_precision_loss' '--warn=clippy::cast_possible_truncation' --test --check-cfg 'cfg(docsrs,test)' --check-cfg 'cfg(feature, values())' -C metadata=e51278f649db24bb -C extra-filename=-7e89119fa8c97120 --out-dir /home/lrb85/Documentos/radix/radixdlt-rust-sdk/target/qa/mutants-scratch/cargo-mutants-radixdlt-rust-sdk-NSESwP.tmp/target/debug/deps -C incremental=/home/lrb85/Documentos/radix/radixdlt-rust-sdk/target/qa/mutants-scratch/cargo-mutants-radixdlt-rust-sdk-NSESwP.tmp/target/debug/incremental -L dependency=/home/lrb85/Documentos/radix/radixdlt-rust-sdk/target/qa/mutants-scratch/cargo-mutants-radixdlt-rust-sdk-NSESwP.tmp/target/debug/deps --extern hex=/home/lrb85/Documentos/radix/radixdlt-rust-sdk/target/qa/mutants-scratch/cargo-mutants-radixdlt-rust-sdk-NSESwP.tmp/target/debug/deps/libhex-a08e3650e8671746.rlib --extern radix_common=/home/lrb85/Documentos/radix/radixdlt-rust-sdk/target/qa/mutants-scratch/cargo-mutants-radixdlt-rust-sdk-NSESwP.tmp/target/debug/deps/libradix_common-b38156f13891d2d9.rlib --extern radixdlt_i18n=/home/lrb85/Documentos/radix/radixdlt-rust-sdk/target/qa/mutants-scratch/cargo-mutants-radixdlt-rust-sdk-NSESwP.tmp/target/debug/deps/libradixdlt_i18n-0f60364935d988ae.rlib -L native=/home/lrb85/Documentos/radix/radixdlt-rust-sdk/target/qa/mutants-scratch/cargo-mutants-radixdlt-rust-sdk-NSESwP.tmp/target/debug/build/blst-47bdd72d9c37312b/out`
     Running `/home/lrb85/.rustup/toolchains/stable-x86_64-unknown-linux-gnu/bin/rustc --crate-name radixdlt_address --edition=2021 crates/address/src/lib.rs --error-format=json --json=diagnostic-rendered-ansi,artifacts,future-incompat --crate-type lib --emit=dep-info,metadata,link -C embed-bitcode=no -C debuginfo=2 --warn=rust_2018_idioms '--deny=clippy::unwrap_used' --deny=unsafe_code --warn=unreachable_pub '--deny=clippy::unimplemented' '--warn=clippy::too_many_lines' '--warn=clippy::todo' '--warn=clippy::redundant_clone' '--warn=clippy::panic' '--deny=clippy::missing_safety_doc' '--warn=clippy::missing_panics_doc' '--warn=clippy::missing_errors_doc' --warn=missing_docs --warn=missing_debug_implementations '--deny=clippy::mem_forget' '--deny=clippy::lossy_float_literal' '--warn=clippy::indexing_slicing' '--deny=clippy::float_cmp' '--warn=clippy::expect_used' '--deny=clippy::dbg_macro' '--warn=clippy::cognitive_complexity' '--warn=clippy::cast_sign_loss' '--warn=clippy::cast_precision_loss' '--warn=clippy::cast_possible_truncation' --check-cfg 'cfg(docsrs,test)' --check-cfg 'cfg(feature, values())' -C metadata=52a43e013b2963c8 -C extra-filename=-3f4e5105c7f0af67 --out-dir /home/lrb85/Documentos/radix/radixdlt-rust-sdk/target/qa/mutants-scratch/cargo-mutants-radixdlt-rust-sdk-NSESwP.tmp/target/debug/deps -C incremental=/home/lrb85/Documentos/radix/radixdlt-rust-sdk/target/qa/mutants-scratch/cargo-mutants-radixdlt-rust-sdk-NSESwP.tmp/target/debug/incremental -L dependency=/home/lrb85/Documentos/radix/radixdlt-rust-sdk/target/qa/mutants-scratch/cargo-mutants-radixdlt-rust-sdk-NSESwP.tmp/target/debug/deps --extern hex=/home/lrb85/Documentos/radix/radixdlt-rust-sdk/target/qa/mutants-scratch/cargo-mutants-radixdlt-rust-sdk-NSESwP.tmp/target/debug/deps/libhex-a08e3650e8671746.rmeta --extern radix_common=/home/lrb85/Documentos/radix/radixdlt-rust-sdk/target/qa/mutants-scratch/cargo-mutants-radixdlt-rust-sdk-NSESwP.tmp/target/debug/deps/libradix_common-b38156f13891d2d9.rmeta --extern radixdlt_i18n=/home/lrb85/Documentos/radix/radixdlt-rust-sdk/target/qa/mutants-scratch/cargo-mutants-radixdlt-rust-sdk-NSESwP.tmp/target/debug/deps/libradixdlt_i18n-0f60364935d988ae.rmeta -L native=/home/lrb85/Documentos/radix/radixdlt-rust-sdk/target/qa/mutants-scratch/cargo-mutants-radixdlt-rust-sdk-NSESwP.tmp/target/debug/build/blst-47bdd72d9c37312b/out`
warning: unused variable: `public_key_hex`
   --> crates/address/src/lib.rs:101:33
    |
101 | pub fn virtual_identity_address(public_key_hex: &str, network_id: u8) -> Result<String, AddressError> {
    |                                 ^^^^^^^^^^^^^^ help: if this is intentional, prefix it with an underscore: `_public_key_hex`
    |
    = note: `#[warn(unused_variables)]` (part of `#[warn(unused)]`) on by default

warning: unused variable: `network_id`
   --> crates/address/src/lib.rs:101:55
    |
101 | pub fn virtual_identity_address(public_key_hex: &str, network_id: u8) -> Result<String, AddressError> {
    |                                                       ^^^^^^^^^^ help: if this is intentional, prefix it with an underscore: `_network_id`

warning: `radixdlt-address` (lib) generated 2 warnings (run `cargo fix --lib -p radixdlt-address` to apply 2 suggestions)
     Running `/home/lrb85/.rustup/toolchains/stable-x86_64-unknown-linux-gnu/bin/rustc --crate-name derive --edition=2021 crates/address/examples/derive.rs --error-format=json --json=diagnostic-rendered-ansi,artifacts,future-incompat --crate-type bin --emit=dep-info,link -C embed-bitcode=no -C debuginfo=2 --warn=rust_2018_idioms '--deny=clippy::unwrap_used' --deny=unsafe_code --warn=unreachable_pub '--deny=clippy::unimplemented' '--warn=clippy::too_many_lines' '--warn=clippy::todo' '--warn=clippy::redundant_clone' '--warn=clippy::panic' '--deny=clippy::missing_safety_doc' '--warn=clippy::missing_panics_doc' '--warn=clippy::missing_errors_doc' --warn=missing_docs --warn=missing_debug_implementations '--deny=clippy::mem_forget' '--deny=clippy::lossy_float_literal' '--warn=clippy::indexing_slicing' '--deny=clippy::float_cmp' '--warn=clippy::expect_used' '--deny=clippy::dbg_macro' '--warn=clippy::cognitive_complexity' '--warn=clippy::cast_sign_loss' '--warn=clippy::cast_precision_loss' '--warn=clippy::cast_possible_truncation' --check-cfg 'cfg(docsrs,test)' --check-cfg 'cfg(feature, values())' -C metadata=2102c624e83020c5 -C extra-filename=-d18937b9cd1eeee5 --out-dir /home/lrb85/Documentos/radix/radixdlt-rust-sdk/target/qa/mutants-scratch/cargo-mutants-radixdlt-rust-sdk-NSESwP.tmp/target/debug/examples -C incremental=/home/lrb85/Documentos/radix/radixdlt-rust-sdk/target/qa/mutants-scratch/cargo-mutants-radixdlt-rust-sdk-NSESwP.tmp/target/debug/incremental -L dependency=/home/lrb85/Documentos/radix/radixdlt-rust-sdk/target/qa/mutants-scratch/cargo-mutants-radixdlt-rust-sdk-NSESwP.tmp/target/debug/deps --extern hex=/home/lrb85/Documentos/radix/radixdlt-rust-sdk/target/qa/mutants-scratch/cargo-mutants-radixdlt-rust-sdk-NSESwP.tmp/target/debug/deps/libhex-a08e3650e8671746.rlib --extern radix_common=/home/lrb85/Documentos/radix/radixdlt-rust-sdk/target/qa/mutants-scratch/cargo-mutants-radixdlt-rust-sdk-NSESwP.tmp/target/debug/deps/libradix_common-b38156f13891d2d9.rlib --extern radixdlt_address=/home/lrb85/Documentos/radix/radixdlt-rust-sdk/target/qa/mutants-scratch/cargo-mutants-radixdlt-rust-sdk-NSESwP.tmp/target/debug/deps/libradixdlt_address-3f4e5105c7f0af67.rlib --extern radixdlt_i18n=/home/lrb85/Documentos/radix/radixdlt-rust-sdk/target/qa/mutants-scratch/cargo-mutants-radixdlt-rust-sdk-NSESwP.tmp/target/debug/deps/libradixdlt_i18n-0f60364935d988ae.rlib -L native=/home/lrb85/Documentos/radix/radixdlt-rust-sdk/target/qa/mutants-scratch/cargo-mutants-radixdlt-rust-sdk-NSESwP.tmp/target/debug/build/blst-47bdd72d9c37312b/out`
warning: `radixdlt-address` (lib test) generated 2 warnings (2 duplicates)
    Finished `test` profile [unoptimized + debuginfo] target(s) in 0.57s
  Executable `/home/lrb85/Documentos/radix/radixdlt-rust-sdk/target/qa/mutants-scratch/cargo-mutants-radixdlt-rust-sdk-NSESwP.tmp/target/debug/deps/radixdlt_address-7e89119fa8c97120`

*** result: Success

*** /home/lrb85/.rustup/toolchains/stable-x86_64-unknown-linux-gnu/bin/cargo test --verbose --package=radixdlt-address@0.2.0
       Fresh unicode-ident v1.0.24
       Fresh proc-macro2 v1.0.107
       Fresh version_check v0.9.5
       Fresh typenum v1.20.1
       Fresh equivalent v1.0.2
       Fresh hashbrown v0.17.1
       Fresh subtle v2.6.1
       Fresh autocfg v1.5.1
       Fresh either v1.17.0
       Fresh semver v1.0.28
       Fresh const-sha1 v0.3.0
       Fresh shlex v2.0.1
       Fresh find-msvc-tools v0.1.9
       Fresh cfg-if v1.0.4
       Fresh quote v1.0.47
       Fresh rustc_version v0.4.1
       Fresh itertools v0.10.5
       Fresh cc v1.4.0
       Fresh cpufeatures v0.2.17
       Fresh indexmap v2.14.0
       Fresh signature v2.2.0
       Fresh heck v0.4.1
       Fresh keccak v0.1.6
       Fresh hex v0.4.3
       Fresh syn v2.0.119
       Fresh syn v1.0.109
       Fresh libc v0.2.189
       Fresh rustversion v1.0.23
       Fresh paste v1.0.15
       Fresh ed25519 v2.2.3
       Fresh lazy_static v1.5.0
       Fresh bech32 v0.9.1
       Fresh radixdlt-i18n v0.2.0 (/home/lrb85/Documentos/radix/radixdlt-rust-sdk/target/qa/mutants-scratch/cargo-mutants-radixdlt-rust-sdk-NSESwP.tmp/crates/i18n)
       Fresh generic-array v0.14.7
       Fresh zeroize_derive v1.5.0
       Fresh sbor-derive-common v1.3.1
       Fresh num-traits v0.2.19
       Fresh num_cpus v1.17.0
       Fresh curve25519-dalek-derive v0.1.1
       Fresh preinterpret v0.2.1
       Fresh strum_macros v0.24.3
       Fresh crypto-common v0.1.7
       Fresh block-buffer v0.10.4
       Fresh zeroize v1.9.0
       Fresh num-integer v0.1.46
       Fresh sbor-derive v1.3.1
       Fresh radix-rust v1.3.1
       Fresh threadpool v1.8.1
       Fresh radix-sbor-derive v1.3.1
       Fresh strum v0.24.1
       Fresh digest v0.10.7
       Fresh bnum v0.11.0
       Fresh blst v0.3.17
       Fresh num-bigint v0.4.8
       Fresh sbor v1.3.1
       Fresh curve25519-dalek v4.1.3
       Fresh sha2 v0.10.9
       Fresh blake2 v0.10.6
       Fresh sha3 v0.10.9
       Fresh ed25519-dalek v2.2.0
       Fresh radix-common v1.3.1
warning: unused variable: `public_key_hex`
   --> crates/address/src/lib.rs:101:33
    |
101 | pub fn virtual_identity_address(public_key_hex: &str, network_id: u8) -> Result<String, AddressError> {
    |                                 ^^^^^^^^^^^^^^ help: if this is intentional, prefix it with an underscore: `_public_key_hex`
    |
    = note: `#[warn(unused_variables)]` (part of `#[warn(unused)]`) on by default

warning: unused variable: `network_id`
   --> crates/address/src/lib.rs:101:55
    |
101 | pub fn virtual_identity_address(public_key_hex: &str, network_id: u8) -> Result<String, AddressError> {
    |                                                       ^^^^^^^^^^ help: if this is intentional, prefix it with an underscore: `_network_id`

warning: `radixdlt-address` (lib) generated 2 warnings (run `cargo fix --lib -p radixdlt-address` to apply 2 suggestions)
warning: `radixdlt-address` (lib test) generated 2 warnings (2 duplicates)
       Fresh radixdlt-address v0.2.0 (/home/lrb85/Documentos/radix/radixdlt-rust-sdk/target/qa/mutants-scratch/cargo-mutants-radixdlt-rust-sdk-NSESwP.tmp/crates/address)
    Finished `test` profile [unoptimized + debuginfo] target(s) in 0.04s
     Running `/home/lrb85/Documentos/radix/radixdlt-rust-sdk/target/qa/mutants-scratch/cargo-mutants-radixdlt-rust-sdk-NSESwP.tmp/target/debug/deps/radixdlt_address-7e89119fa8c97120`

running 6 tests
test tests::an_unknown_network_id_has_no_network ... ok
test tests::an_identity_is_not_the_account_of_the_same_key ... FAILED
test tests::unknown_network_errors ... ok
test tests::every_network_id_maps_to_its_own_network ... ok
test tests::the_same_key_derives_a_different_address_per_network ... ok
test tests::derives_known_address ... ok

failures:

---- tests::an_identity_is_not_the_account_of_the_same_key stdout ----

thread 'tests::an_identity_is_not_the_account_of_the_same_key' (4065091) panicked at crates/address/src/lib.rs:124:9:
xyzzy
note: run with `RUST_BACKTRACE=1` environment variable to display a backtrace


failures:
    tests::an_identity_is_not_the_account_of_the_same_key

test result: FAILED. 5 passed; 1 failed; 0 ignored; 0 measured; 0 filtered out; finished in 0.00s

error: test failed, to rerun pass `-p radixdlt-address --lib`

*** result: Failure(101)
